MkRawProg
 [MkRawItfTm (MkItf "State" ["x"]
           	   [MkCmd "get" (MkCType [] (MkPeg MkOpenAb (MkTVar "x")))
 	  	   ,MkCmd "put" (MkCType [MkPort MkIdAdj (MkTVar "x")]
		   	      	         (MkPeg MkOpenAb (MkTVar "Unit")))])
 ,MkRawSigTm (MkSig "evalState"
   (MkCType [ MkPort MkIdAdj (MkTVar "X")
            , MkPort (MkAdjPlus MkIdAdj "State" [MkTVar "X"]) (MkTVar "Y")]
            (MkPeg MkOpenAb (MkTVar "Y"))))
 ,MkRawDefTm (MkMHCls "evalState"
 	     	      (MkRawCls [MkVPat (MkVarPat "x")
                                ,MkCmdPat "put" [MkVarPat "x'"] "k"]
 	     (MkRawComb "evalState" [MkRawId "x'"
	     	    	            ,MkRawComb "k" [MkRawId "Unit"]])))
 ,MkRawDefTm (MkMHCls "evalState"
 	     	      (MkRawCls [MkVPat (MkVarPat "x")
                                ,MkCmdPat "get" [] "k"]
 	     (MkRawComb "evalState" [MkRawId "x"
	     	    	            ,MkRawComb "k" [MkRawId "x"]])))
 ,MkRawDefTm (MkMHCls "evalState" (MkRawCls [MkVPat (MkVarPat "x")
                                            ,MkVPat (MkVarPat "y")]
					    (MkRawId "y")))
 ,MkRawSigTm (MkSig "main" (MkCType [] (MkPeg MkOpenAb MkStringTy)))
 ,MkRawDefTm (MkMHCls "main" (MkRawCls []
 	     	      	       (MkRawComb "evalState"
			         [MkRawStr "Hello"
			       	 ,MkRawTmSeq (MkRawComb "put"
				 	       [MkRawComb "strcat"
                                                 [MkRawComb "get" []
					         ,MkRawStr " World!\n"]])
				 	     (MkRawComb "get" [])])))]
